Same Size of Property Pages: 300 1105 2645 535 385 2680 595 410 1110 460 1085 476 320 350 370 1065 2960 575 580 590 630 2700 2350 2340 2300 2320

Multi-Text Control: 150: 158: 10920 10921
Multi-Text Control: 150: 151: 13712 10149 10151 10153 10154 12087 10155
Multi-Text Control: 150: 153: 13713 10150 10152

Multi-Text Control: 270: 280: 14176
Multi-Text Control: 270: 288: 10778

Text Control Bold: 294: 297
Text Control Bold: 295: 297

Multi-Text Control Bold: 385: 6205: 14150
Multi-Text Control: 385: 6206: 14151

Multi-Text Control: 410: 413: 10574 10570 10575 10578 10580 10582
Multi-Text Control: 410: 414: 10571 10576 10579 10581 10583
Multi-Text Control: 410: 415: 10575 10572 10577 10584
Multi-Text Control: 410: 416: 10577 10573
Multi-Text Control: 410: 417: 10585

Multi-Text Control: 410: 440: 10574
Multi-Text Control: 410: 441: 10576
Multi-Text Control: 410: 442: 10575
Multi-Text Control: 410: 443: 10577
Multi-Text Control: 410: 444: 10585

Drop-Down Button: 150: 158
Drop-Down Button: 595: 611
Drop-Down Button: 1080: 2776
Drop-Down Button: 2490: 2491
Drop-Down Button: 2500: 1
Drop-Down Button: 2500: 2502
Drop-Down Button: 2600: 2603

More Button: 205: 212
More Button: 191: 212

Combo Box: 2830: 2834: 13990 13991 13992 13993
Combo Box: 205: 227: 13990 13991 13992 13993
Combo Box: 2460: 2461: 10970
Combo Box: 2460: 2462: 10972 10971
Combo Box: 410: 411: 10601 10602 10603 10604 10600
Combo Box: 410: 412: 10564 10565 10595 10566 10567 10568 10569
Combo Box: 580: 586: 10681 10680
Combo Box: 2680: 2684: 10864 10865 10863
Combo Box: 1105: 393: 10960 10961 10962 10963 10964 10965
Combo Box: 1105: 394: 10985 10986 10987
Combo Box: 2300: 2311: 10550
Combo Box: 2320: 2326: 10550
Combo Box: 2350: 2352: 10551
