Overlap in dialog: 1027: 1034 x 1031
Overlap in dialog: 1027: 1035 x 1031
Overlap in dialog: 1030: 1034 x 1031
Overlap in dialog: 1030: 1035 x 1031
Overlap in dialog: 2500: 2520 x 2511

Clipped text in dialog: 2600: 2619
Clipped text in dialog: 1022: 1024

Too close to dialog frame: 2500: 2510

Misaligned controls in dialog: 150: 152 x 159
Misaligned controls in dialog: 150: 154 x 159
Misaligned controls in dialog: 550: 566 x 567
Misaligned controls in dialog: 2490: 2491 x 1
Misaligned controls in dialog: 550: 571 x 555
Misaligned controls in dialog: 550: 571 x 556
Misaligned controls in dialog: 550: 571 x 554
Misaligned controls in dialog: 550: 555 x 562
Misaligned controls in dialog: 550: 556 x 562
Misaligned controls in dialog: 550: 554 x 562
Misaligned controls in dialog: 550: 572 x 555
Misaligned controls in dialog: 550: 572 x 556
Misaligned controls in dialog: 550: 572 x 554
Misaligned controls in dialog: 550: 553 x 555
Misaligned controls in dialog: 550: 553 x 556
Misaligned controls in dialog: 550: 553 x 554
Misaligned controls in dialog: 550: 551 x 555
Misaligned controls in dialog: 550: 551 x 556
Misaligned controls in dialog: 550: 551 x 554
Misaligned controls in dialog: 550: 555 x 573
Misaligned controls in dialog: 550: 555 x 557
Misaligned controls in dialog: 550: 555 x 558
Misaligned controls in dialog: 550: 555 x 560
Misaligned controls in dialog: 550: 555 x 561
Misaligned controls in dialog: 550: 555 x 563
Misaligned controls in dialog: 550: 556 x 573
Misaligned controls in dialog: 550: 556 x 557
Misaligned controls in dialog: 550: 556 x 558
Misaligned controls in dialog: 550: 556 x 560
Misaligned controls in dialog: 550: 556 x 561
Misaligned controls in dialog: 550: 556 x 563
Misaligned controls in dialog: 550: 554 x 573
Misaligned controls in dialog: 550: 554 x 557
Misaligned controls in dialog: 550: 554 x 558
Misaligned controls in dialog: 550: 554 x 560
Misaligned controls in dialog: 550: 554 x 561
Misaligned controls in dialog: 550: 554 x 563

Misaligned controls in dialog: 385: 1152 x 6205
Misaligned controls in dialog: 385: 1152 x 6206
Misaligned controls in dialog: 385: 1152 x 6207
Misaligned controls in dialog: 385: 1153 x 6205
Misaligned controls in dialog: 385: 1153 x 6206
Misaligned controls in dialog: 385: 1153 x 6207

Different sized controls in dialog: 595: 1151 x 1152
Different sized controls in dialog: 595: 1151 x 1153
Different sized controls in dialog: 2440: 2446 x 1
Different sized controls in dialog: 2440: 2446 x 2450
Different sized controls in dialog: 2500: 1 x 2506
Different sized controls in dialog: 2500: 2502 x 2506

Different spacing between controls: 191: 195
Different spacing between controls: 550: 571
Different spacing between controls: 595: 606

Incorrectly placed label: 370: 1152 x 374
Incorrectly placed label: 410: 1152 x 440
Incorrectly placed label: 2530: 1151 x 2533
Incorrectly placed label: 2540: 1154 x 2549
Incorrectly placed label: 2600: 2610 x 2607
Incorrectly placed label: 2600: 2615 x 2617
Incorrectly placed label: 2600: 2621 x 1
Incorrectly placed label: 2770: 171 x 2772
Incorrectly placed label: 455: 456 x 457
Incorrectly placed label: 2645: 1152 x 2647
Incorrectly placed label: 150: 159 x 157
Incorrectly placed label: 535: 1150 x 539
Incorrectly placed label: 6208: 171 x 6209

Inconsistent text endings in control: 191: 1157
Inconsistent text endings in control: 535: 1153
Inconsistent text endings in control: 535: 1154
Inconsistent text endings in control: 535: 1155
Inconsistent text endings in control: 535: 1151
Inconsistent text endings in control: 535: 1157
Inconsistent text endings in control: 2370: 1150
Inconsistent text endings in control: 2370: 1151
Inconsistent text endings in control: 2370: 1152
Inconsistent text endings in control: 2400: 1150
Inconsistent text endings in control: 2400: 1151
Inconsistent text endings in control: 2400: 1152
Inconsistent text endings in control: 2695: 1152
Inconsistent text endings in control: 2695: 1153
Inconsistent text endings in control: 2695: 1154
Inconsistent text endings in control: 2695: 1155
Inconsistent text endings in control: 270: 277
Inconsistent text endings in control: 270: 278
Inconsistent text endings in control: 270: 1153
Inconsistent text endings in control: 270: 1154
Inconsistent text endings in control: 270: 1155
Inconsistent text endings in control: 270: 1156
Inconsistent text endings in control: 270: 1157
Inconsistent text endings in control: 294: 1150
Inconsistent text endings in control: 294: 1151
Inconsistent text endings in control: 294: 1152
Inconsistent text endings in control: 294: 1153
Inconsistent text endings in control: 2440: 2443
Inconsistent text endings in control: 2440: 1153
Inconsistent text endings in control: 2440: 1154
Inconsistent text endings in control: 2440: 1155
Inconsistent text endings in control: 2440: 1159
Inconsistent text endings in control: 2440: 1160
Inconsistent text endings in control: 2440: 1161
Inconsistent text endings in control: 2440: 1162
Inconsistent text endings in control: 2440: 1163
Inconsistent text endings in control: 1050: 1150

Inconsistent text endings in string: 10401
Inconsistent text endings in string: 12231
Inconsistent text beginnings in string: 12231

Inconsistent hot keys in string: 12039
Inconsistent hot keys in string: 12137
Inconsistent hot keys in string: 12401
Inconsistent hot keys in string: 13775

Control is progress bar: 150: 155
Control is progress bar: 150: 156
Control is progress bar: 490: 496
Control is progress bar: 497: 496
Control is progress bar: 497: 498
Control is progress bar: 148: 155
Control is progress bar: 148: 156

Inconsistent format specifier in control: 260: 1157
