Overlap in dialog: 233: 241 x 238
Overlap in dialog: 233: 241 x 257
Overlap in dialog: 233: 241 x 258
Overlap in dialog: 233: 258 x 238

Too close to dialog frame: 180: 181

Misaligned controls in dialog: 170: 105 x 9

Different sized controls in dialog: 146: 3005 x 3008
Different sized controls in dialog: 146: 3005 x 3009

Different spacing between controls: 100: 104
Different spacing between controls: 190: 134

Not standard control size: 146: 159
Not standard control size: 233: 241

Incorrectly placed label: 137: 3001 x 138
Incorrectly placed label: 142: 3000 x 125
Incorrectly placed label: 123: 121 x 120
Incorrectly placed label: 152: 3001 x 138

Inconsistent control characters in string: 1210
Inconsistent control characters in string: 1211
Inconsistent control characters in string: 1212
Inconsistent control characters in string: 1213
Inconsistent control characters in string: 1214
Inconsistent control characters in string: 1215
Inconsistent control characters in string: 1216
Inconsistent control characters in string: 1217
Inconsistent control characters in string: 1218
Inconsistent control characters in string: 1219
Inconsistent control characters in string: 1220
Inconsistent control characters in string: 1221
Inconsistent control characters in string: 1222
Inconsistent control characters in string: 1223
Inconsistent control characters in string: 1224
Inconsistent control characters in string: 1225
Inconsistent control characters in string: 1226
Inconsistent control characters in string: 1227
Inconsistent control characters in string: 1228
Inconsistent control characters in string: 1229
Inconsistent control characters in string: 1230
Inconsistent control characters in string: 1231
Inconsistent control characters in string: 1232
Inconsistent control characters in string: 1233
Inconsistent control characters in string: 1234
Inconsistent control characters in string: 1235
Inconsistent control characters in string: 1236
Inconsistent control characters in string: 1237
Inconsistent control characters in string: 1238
Inconsistent control characters in string: 1239
Inconsistent control characters in string: 1240
Inconsistent control characters in string: 1241
Inconsistent control characters in string: 1242
Inconsistent control characters in string: 1243
