Same Size of Property Pages: 500 520 535 815 915 545 650 695

Drop-Down Button: 520: 532
Drop-Down Button: 560: 579
Drop-Down Button: 580: 532
Drop-Down Button: 695: 701
Drop-Down Button: 710: 717
Drop-Down Button: 920: 935
Drop-Down Button: 830: 1
Drop-Down Button: 840: 1
Drop-Down Button: 841: 1
Drop-Down Button: 843: 1
Drop-Down Button: 844: 1
Drop-Down Button: 845: 1
Drop-Down Button: 847: 1
Drop-Down Button: 850: 1
Drop-Down Button: 855: 1
Drop-Down Button: 865: 1
Drop-Down Button: 870: 1
Drop-Down Button: 880: 1
Drop-Down Button: 890: 1
Drop-Down Button: 896: 1
Drop-Down Button: 898: 1
Drop-Down Button: 900: 1

Combo Box: 520: 527: 10075 10076 10077 10078
Combo Box: 725: 732: 10630 10631
Combo Box: 815: 816: 10750 10751 10752 10753 10754 10755
Combo Box: 815: 817: 10750 10751 10756 10755
Combo Box: 815: 818: 10750 10751 10755
Combo Box: 815: 819: 10750 10751 10755
Combo Box: 815: 820: 10750 10751 10752 10753 10754 10755
Combo Box: 815: 821: 10750 10751 10752 10753 10754 10755
Combo Box: 815: 822: 10750 10757 10758 10755
Combo Box: 815: 823: 10750 10757 10755
Combo Box: 815: 824: 10750 10759 10755
Combo Box: 815: 825: 10750 10759 10755
Combo Box: 815: 826: 10750 10759 10755

Combo Box: 915: 816: 10750 10751 10752 10753 10754 10755
Combo Box: 915: 817: 10750 10751 10756 10755
Combo Box: 915: 818: 10750 10751 10755
Combo Box: 915: 819: 10750 10751 10755
Combo Box: 915: 820: 10750 10751 10752 10753 10754 10755
Combo Box: 915: 821: 10750 10751 10752 10753 10754 10755
Combo Box: 915: 822: 10750 10757 10758 10755

Combo Box: 580: 583: 10130
Combo Box: 580: 584: 10133 10134 10135 10136
Combo Box: 580: 527: 10075 10076 10077 10078
Combo Box: 580: 531: 11190 11191
Combo Box: 920: 922: 11193 11194 11195 11196 11197 11198 11199 11200 11201 11202 11203 11204 11205 11206 11207 11192
Combo Box: 520: 531: 11190

Multi-Text Control: 560: 578: 11390
Multi-Text Control: 725: 730: 10627 10626 10628 10629
Multi-Text Control: 750: 2: 10780 10781
Multi-Text Control: 750: 751: 10776 10778
Multi-Text Control: 750: 753: 10777
Multi-Text Control: 750: 761: 11180
Multi-Text Control: 750: 767: 11181
Multi-Text Control: 920: 936: 11390
